// Vitest Snapshot v1, https://vitest.dev/guide/snapshot.html

exports[`Login Page > should match snapshot 1`] = `
<div>
  <div
    class="container"
  >
    <div
      class="leftcont"
    >
      <div
        class="circle"
      >
        <img
          alt="kv-login"
          height="100%"
          id="cirleimg"
          src="/src/assets/kv-login.jpeg"
          width="100%"
        />
      </div>
    </div>
    <div
      class="rightcont"
    >
      <form
        class="form"
      >
        <div
          class="login"
        >
          <img
            alt="kv-logo"
            height="45px"
            src="/src/assets/kv-logo.png"
            width="200px"
          />
          <div
            class="username-input-wrapper"
          >
            <div
              class="username-transition"
            >
              Username
            </div>
            <div
              class="inputWrapper"
            >
              <div
                class="wrapper"
              >
                <input
                  aria-label="username"
                  class="userNameInp"
                  name="username"
                  placeholder="username"
                  required=""
                  type="text"
                  value=""
                />
                <button
                  class="clear"
                  disabled=""
                >
                  Clear
                </button>
              </div>
            </div>
          </div>
          <p
            class="errormsg"
          />
          <p
            class="errormsg"
          />
          <div
            class="inputWrapper"
          >
            <div
              class="wrapper"
            >
              <input
                aria-label="password"
                id="password"
                name="password"
                placeholder="password"
                required=""
                type="password"
                value=""
              />
            </div>
          </div>
          <div
            class="checkbx"
          >
            <div
              class="inputWrapper"
            >
              <div
                class="wrapper"
              >
                <input
                  id="checkbox"
                  required=""
                  type="checkbox"
                />
              </div>
            </div>
            <p>
              Show Password
            </p>
          </div>
          <button
            class="button button--primary login-button"
            type="button"
          >
            Login
          </button>
        </div>
      </form>
    </div>
  </div>
</div>
`;
